[14:05:23] ExperimentRunner initialized: output=routing_comparison_results, model=Real
[14:05:23] backed up old log: server_adapter-aware_adapters100.log -> server_adapter-aware_adapters100_20260305_140523.log
[14:05:23] run_suite: load-metric-ablation, resume=False
[14:05:23] exp[1/3]: adapter-aware_alpha0.3_adapters100_w11.0_w20.8_lmrwpt
[14:05:23] needs_restart=True
[14:05:23] start_server: adapter-aware, adapters=100
[14:26:49] server ready in 1286.3s
[14:26:49] _update_routing_config: {'w1': 1.0, 'w2': 0.8, 'w3': 0.0, 'load_metric': 'rwpt', 'reset_stats': True}
[14:26:49] config update success: {'status': 'submitted', 'message': 'Config update request submitted. Changes will be applied within 5 seconds.', 'config': {'w1': 1.0, 'w2': 0.8, 'w3': 0.0, 'load_metric': 'rwpt', 'reset_stats': True}}
[14:29:24] success: tput=5.05, lat=14.943
[14:29:24] exp[2/3]: adapter-aware_alpha0.3_adapters100_w11.0_w20.8_lmqueue_length
[14:29:24] needs_restart=False
[14:29:24] _update_routing_config: {'w1': 1.0, 'w2': 0.8, 'w3': 0.0, 'load_metric': 'queue_length', 'reset_stats': True}
[14:29:24] config update success: {'status': 'submitted', 'message': 'Config update request submitted. Changes will be applied within 5 seconds.', 'config': {'w1': 1.0, 'w2': 0.8, 'w3': 0.0, 'load_metric': 'queue_length', 'reset_stats': True}}
[14:31:48] success: tput=5.40, lat=13.443
[14:31:48] exp[3/3]: adapter-aware_alpha0.3_adapters100_w11.0_w20.8_lmtoken_count
[14:31:48] needs_restart=False
[14:31:48] _update_routing_config: {'w1': 1.0, 'w2': 0.8, 'w3': 0.0, 'load_metric': 'token_count', 'reset_stats': True}
[14:31:48] config update success: {'status': 'submitted', 'message': 'Config update request submitted. Changes will be applied within 5 seconds.', 'config': {'w1': 1.0, 'w2': 0.8, 'w3': 0.0, 'load_metric': 'token_count', 'reset_stats': True}}
[14:34:11] success: tput=5.46, lat=12.862
[14:34:11] suite done, stopping server
[14:34:11] stop_server called
[14:34:11] killing pgid 2960468
[14:34:11] server stopped gracefully
